2026-05-18 15:12:03,841 - [INFO] - ================================================
2026-05-18 15:12:03,841 - [INFO] - STARTING SUITE: Bibo [SIT]
2026-05-18 15:12:03,841 - [INFO] - Scenarios queued: 2
2026-05-18 15:12:04,536 - [INFO] - Initializing Browser Context: CHROME
2026-05-18 15:12:04,560 - [ERROR] - Unhandled Exception in Scenario: BrowserType.launch: Chromium distribution 'chrome' is not found at C:\Users\Rafael\AppData\Local\Google\Chrome\Application\chrome.exe
Run "playwright install chrome"
2026-05-18 15:12:04,563 - [INFO] - Initializing Browser Context: CHROME
2026-05-18 15:12:04,569 - [ERROR] - Unhandled Exception in Scenario: BrowserType.launch: Chromium distribution 'chrome' is not found at C:\Users\Rafael\AppData\Local\Google\Chrome\Application\chrome.exe
Run "playwright install chrome"
2026-05-18 15:12:04,598 - [INFO] - Suite Completed. Total time: 0h 0m 0s
2026-05-18 15:12:04,599 - [INFO] - Compiling report and dispatching via email...
2026-05-18 15:12:09,752 - [INFO] - Email report sent successfully
2026-05-18 15:12:43,202 - [INFO] - ================================================
2026-05-18 15:12:43,203 - [INFO] - STARTING SUITE: Bibo [SIT]
2026-05-18 15:12:43,203 - [INFO] - Scenarios queued: 10
2026-05-18 15:12:43,787 - [INFO] - Initializing Browser Context: CHROME
2026-05-18 15:12:43,797 - [ERROR] - Unhandled Exception in Scenario: BrowserType.launch: Chromium distribution 'chrome' is not found at C:\Users\Rafael\AppData\Local\Google\Chrome\Application\chrome.exe
Run "playwright install chrome"
2026-05-18 15:12:43,799 - [INFO] - Initializing Browser Context: CHROME
2026-05-18 15:12:43,805 - [ERROR] - Unhandled Exception in Scenario: BrowserType.launch: Chromium distribution 'chrome' is not found at C:\Users\Rafael\AppData\Local\Google\Chrome\Application\chrome.exe
Run "playwright install chrome"
2026-05-18 15:12:43,807 - [INFO] - Initializing Browser Context: CHROME
2026-05-18 15:12:43,814 - [ERROR] - Unhandled Exception in Scenario: BrowserType.launch: Chromium distribution 'chrome' is not found at C:\Users\Rafael\AppData\Local\Google\Chrome\Application\chrome.exe
Run "playwright install chrome"
2026-05-18 15:12:43,819 - [INFO] - Initializing Browser Context: CHROME
2026-05-18 15:12:43,827 - [ERROR] - Unhandled Exception in Scenario: BrowserType.launch: Chromium distribution 'chrome' is not found at C:\Users\Rafael\AppData\Local\Google\Chrome\Application\chrome.exe
Run "playwright install chrome"
2026-05-18 15:12:43,830 - [INFO] - Initializing Browser Context: CHROME
2026-05-18 15:12:43,836 - [ERROR] - Unhandled Exception in Scenario: BrowserType.launch: Chromium distribution 'chrome' is not found at C:\Users\Rafael\AppData\Local\Google\Chrome\Application\chrome.exe
Run "playwright install chrome"
2026-05-18 15:12:43,839 - [INFO] - Initializing Browser Context: CHROME
2026-05-18 15:12:43,846 - [ERROR] - Unhandled Exception in Scenario: BrowserType.launch: Chromium distribution 'chrome' is not found at C:\Users\Rafael\AppData\Local\Google\Chrome\Application\chrome.exe
Run "playwright install chrome"
2026-05-18 15:12:43,849 - [INFO] - Initializing Browser Context: CHROME
2026-05-18 15:12:43,855 - [ERROR] - Unhandled Exception in Scenario: BrowserType.launch: Chromium distribution 'chrome' is not found at C:\Users\Rafael\AppData\Local\Google\Chrome\Application\chrome.exe
Run "playwright install chrome"
2026-05-18 15:12:43,858 - [INFO] - Initializing Browser Context: CHROME
2026-05-18 15:12:43,863 - [ERROR] - Unhandled Exception in Scenario: BrowserType.launch: Chromium distribution 'chrome' is not found at C:\Users\Rafael\AppData\Local\Google\Chrome\Application\chrome.exe
Run "playwright install chrome"
2026-05-18 15:12:43,866 - [INFO] - Initializing Browser Context: CHROME
2026-05-18 15:12:43,871 - [ERROR] - Unhandled Exception in Scenario: BrowserType.launch: Chromium distribution 'chrome' is not found at C:\Users\Rafael\AppData\Local\Google\Chrome\Application\chrome.exe
Run "playwright install chrome"
2026-05-18 15:12:43,873 - [INFO] - Initializing Browser Context: CHROME
2026-05-18 15:12:43,879 - [ERROR] - Unhandled Exception in Scenario: BrowserType.launch: Chromium distribution 'chrome' is not found at C:\Users\Rafael\AppData\Local\Google\Chrome\Application\chrome.exe
Run "playwright install chrome"
2026-05-18 15:12:43,898 - [INFO] - Suite Completed. Total time: 0h 0m 0s
2026-05-18 15:12:43,899 - [INFO] - Compiling report and dispatching via email...
2026-05-18 15:12:50,949 - [INFO] - Email report sent successfully
